{
  "run_id": "m2-control-pod-failure-003",
  "started_at": "2026-09-26T04:30:09.684898+00:00",
  "errors": [],
  "steps": {
    "scripts/generate-run-manifest.py": 0,
    "smoke/quality-check.py": 0,
    "scripts/process-telemetry.py": 0
  },
  "recorder_pid": 19988,
  "elapsed_s": 1141.06,
  "heartbeat_at": "2026-09-26T04:57:37.254911+00:00",
  "workload_rc": 0,
  "workload_elapsed_s": 1143.0780000000086,
  "phase": "finished",
  "stage_pid": null,
  "finished_at": "2026-09-26T04:57:40.878432+00:00",
  "assessment_valid": true,
  "complete": true
}
