{
  "run_id": "m2-control-traffic-surge-004",
  "started_at": "2026-09-25T03:35:53.004412+00:00",
  "errors": [],
  "steps": {
    "scripts/generate-run-manifest.py": 0,
    "smoke/quality-check.py": 0,
    "scripts/process-telemetry.py": 1
  },
  "recorder_pid": 18480,
  "elapsed_s": 1142.22,
  "heartbeat_at": "2026-09-25T05:55:37.357770+00:00",
  "workload_rc": 0,
  "workload_elapsed_s": 1144.2339999999967,
  "phase": "finished",
  "stage_pid": null,
  "finished_at": "2026-09-25T05:55:39.819574+00:00",
  "assessment_valid": false,
  "complete": false
}
