{
  "run_id": "m2-cpu-checkoutservice-003",
  "started_at": "2026-09-26T10:09:37.567950+00:00",
  "errors": [],
  "steps": {
    "scripts/generate-run-manifest.py": 0,
    "smoke/quality-check.py": 0,
    "scripts/process-telemetry.py": 0,
    "scripts/generate-incident-record.py": 0
  },
  "recorder_pid": 11108,
  "elapsed_s": 1140.91,
  "heartbeat_at": "2026-09-26T10:36:05.324475+00:00",
  "fault_apply_elapsed": 421.7029999999795,
  "workload_rc": 0,
  "workload_elapsed_s": 1142.905999999959,
  "phase": "finished",
  "stage_pid": null,
  "finished_at": "2026-09-26T10:36:07.330067+00:00",
  "assessment_valid": true,
  "complete": true
}
