{
  "run_id": "m2-fastcheck-control-traffic-surge-004",
  "started_at": "2026-09-24T15:16:31.930637+00:00",
  "errors": [],
  "steps": {
    "scripts/generate-run-manifest.py": 0,
    "smoke/quality-check.py": 0,
    "scripts/process-telemetry.py": 0
  },
  "recorder_pid": 29124,
  "elapsed_s": 241.0,
  "heartbeat_at": "2026-09-24T15:23:32.073462+00:00",
  "workload_rc": 0,
  "workload_elapsed_s": 243.0,
  "phase": "finished",
  "stage_pid": null,
  "finished_at": "2026-09-24T15:23:34.401929+00:00",
  "assessment_valid": false,
  "complete": false
}
