{
  "run_id": "m2-control-pod-failure-005",
  "started_at": "2026-09-26T07:53:31.982462+00:00",
  "errors": [],
  "steps": {
    "scripts/generate-run-manifest.py": 0,
    "smoke/quality-check.py": 0,
    "scripts/process-telemetry.py": 0
  },
  "recorder_pid": 32188,
  "elapsed_s": 1140.98,
  "heartbeat_at": "2026-09-26T08:20:19.782553+00:00",
  "workload_rc": 0,
  "workload_elapsed_s": 1143.0,
  "phase": "finished",
  "stage_pid": null,
  "finished_at": "2026-09-26T08:20:24.244928+00:00",
  "assessment_valid": true,
  "complete": true
}
