{
  "run_id": "m2-fastcheck-control-traffic-surge-005",
  "started_at": "2026-09-24T15:25:24.614430+00:00",
  "errors": [],
  "steps": {
    "scripts/generate-run-manifest.py": 0,
    "smoke/quality-check.py": 0,
    "scripts/process-telemetry.py": 0
  },
  "recorder_pid": 15508,
  "elapsed_s": 238.98,
  "heartbeat_at": "2026-09-24T15:32:00.468408+00:00",
  "workload_rc": 0,
  "workload_elapsed_s": 241.0,
  "phase": "finished",
  "stage_pid": null,
  "finished_at": "2026-09-24T15:32:02.838914+00:00",
  "assessment_valid": true,
  "complete": true
}
